[d29u17ylf1ylz9.cloudfront.net/voopo-v1-tf.html]
[backblue.gif]
[fade.gif]
[index.html]
[d29u17ylf1ylz9.cloudfront.net/p2/img/favicon.ico]
[d29u17ylf1ylz9.cloudfront.net/p2/css/bootstrap.min.css]
[d29u17ylf1ylz9.cloudfront.net/p2/css/font-awesome.min.css]
[d29u17ylf1ylz9.cloudfront.net/p2/css/et-line.css]
[d29u17ylf1ylz9.cloudfront.net/p2/css/plugins.css]
[d29u17ylf1ylz9.cloudfront.net/p2/style.css]
[d29u17ylf1ylz9.cloudfront.net/p2/css/responsive.css]
[d29u17ylf1ylz9.cloudfront.net/p2/js/vendor/modernizr-2.8.3.min.js]
[d29u17ylf1ylz9.cloudfront.net/p2/img/voopo/logo.png]
[d29u17ylf1ylz9.cloudfront.net/p2/img/voopo/logo2.png]
[d29u17ylf1ylz9.cloudfront.net/p2/img/voopo/hero.jpg]
[d29u17ylf1ylz9.cloudfront.net/voopo-v1/index.html]
[d29u17ylf1ylz9.cloudfront.net/p2/img/voopo/h1.jpg]
[d29u17ylf1ylz9.cloudfront.net/voopo-v1/index-2.html]
[d29u17ylf1ylz9.cloudfront.net/p2/img/voopo/h2.jpg]
[d29u17ylf1ylz9.cloudfront.net/voopo-v1/about.html]
[d29u17ylf1ylz9.cloudfront.net/p2/img/voopo/about.jpg]
[d29u17ylf1ylz9.cloudfront.net/voopo-v1/service.html]
[d29u17ylf1ylz9.cloudfront.net/p2/img/voopo/service.jpg]
[d29u17ylf1ylz9.cloudfront.net/voopo-v1/blog.html]
[d29u17ylf1ylz9.cloudfront.net/p2/img/voopo/blog.jpg]
[d29u17ylf1ylz9.cloudfront.net/voopo-v1/blog-details.html]
[d29u17ylf1ylz9.cloudfront.net/p2/img/voopo/blog-details.jpg]
[d29u17ylf1ylz9.cloudfront.net/voopo-v1/cart.html]
[d29u17ylf1ylz9.cloudfront.net/p2/img/voopo/cart.jpg]
[d29u17ylf1ylz9.cloudfront.net/voopo-v1/checkout.html]
[d29u17ylf1ylz9.cloudfront.net/p2/img/voopo/checkout.jpg]
[d29u17ylf1ylz9.cloudfront.net/voopo-v1/contact.html]
[d29u17ylf1ylz9.cloudfront.net/p2/img/voopo/contact.jpg]
[s3.envato.com/files/231676880/preview.__large_preview.jpg]
[s3.envato.com/files/235318420/preview.__large_preview.jpg]
[s3.envato.com/files/235648322/preview.__large_preview.jpg]
[s3.envato.com/files/237139625/Preview.__large_preview.png]
[s3.envato.com/files/238844904/preview.__large_preview.png]
[s3.envato.com/files/236854570/preview.__large_preview.png]
[d29u17ylf1ylz9.cloudfront.net/p2/js/vendor/jquery-3.1.1.min.js]
[d29u17ylf1ylz9.cloudfront.net/p2/js/bootstrap.min.js]
[d29u17ylf1ylz9.cloudfront.net/p2/js/plugins.js]
[d29u17ylf1ylz9.cloudfront.net/p2/js/ajax-mail.js]
[d29u17ylf1ylz9.cloudfront.net/p2/js/main.js]
[d29u17ylf1ylz9.cloudfront.net/voopo-v1-tf.html]
[d29u17ylf1ylz9.cloudfront.net/p2/css/bootstrap.min.css]
[d29u17ylf1ylz9.cloudfront.net/p2/fonts/fontawesome-webfont3e6e.eot]
[d29u17ylf1ylz9.cloudfront.net/p2/fonts/fontawesome-webfontd41d.eot]
[d29u17ylf1ylz9.cloudfront.net/p2/fonts/fontawesome-webfont3e6e.woff2]
[d29u17ylf1ylz9.cloudfront.net/p2/fonts/fontawesome-webfont3e6e.woff]
[d29u17ylf1ylz9.cloudfront.net/p2/fonts/fontawesome-webfont3e6e.ttf]
[d29u17ylf1ylz9.cloudfront.net/p2/css/font-awesome.min.css]
[d29u17ylf1ylz9.cloudfront.net/p2/fonts/fontawesome-webfont3e6e.svg]
[d29u17ylf1ylz9.cloudfront.net/p2/fonts/et-line.eot]
[d29u17ylf1ylz9.cloudfront.net/p2/fonts/et-lined41d.eot]
[d29u17ylf1ylz9.cloudfront.net/p2/fonts/et-line.woff]
[d29u17ylf1ylz9.cloudfront.net/p2/fonts/et-line.ttf]
[d29u17ylf1ylz9.cloudfront.net/p2/css/et-line.css]
[d29u17ylf1ylz9.cloudfront.net/p2/css/plugins.css]
[d29u17ylf1ylz9.cloudfront.net/p2/style.css]
[d29u17ylf1ylz9.cloudfront.net/p2/css/responsive.css]
[d29u17ylf1ylz9.cloudfront.net/p2/fonts/et-line.svg]
[d29u17ylf1ylz9.cloudfront.net/voopo-v1/images/favicon.ico]
[d29u17ylf1ylz9.cloudfront.net/voopo-v1/images/icon.png]
[d29u17ylf1ylz9.cloudfront.net/voopo-v1/css/bootstrap.min.css]
[d29u17ylf1ylz9.cloudfront.net/voopo-v1/style.css]
[d29u17ylf1ylz9.cloudfront.net/voopo-v1/js/vendor/modernizr-3.5.0.min.js]
[d29u17ylf1ylz9.cloudfront.net/voopo-v1/images/logo/voopo.png]
[d29u17ylf1ylz9.cloudfront.net/voopo-v1/images/banner/s1.png]
[d29u17ylf1ylz9.cloudfront.net/voopo-v1/images/icons/s1.png]
[d29u17ylf1ylz9.cloudfront.net/voopo-v1/images/icons/s2.png]
[d29u17ylf1ylz9.cloudfront.net/voopo-v1/images/icons/s3.png]
[d29u17ylf1ylz9.cloudfront.net/voopo-v1/images/about/s1.png]
[d29u17ylf1ylz9.cloudfront.net/voopo-v1/images/icons/pl1.png]
[d29u17ylf1ylz9.cloudfront.net/voopo-v1/images/icons/pl2.png]
[d29u17ylf1ylz9.cloudfront.net/voopo-v1/images/icons/down.png]
[d29u17ylf1ylz9.cloudfront.net/voopo-v1/images/icons/apple.png]
[d29u17ylf1ylz9.cloudfront.net/voopo-v1/images/about/soft1.png]
[d29u17ylf1ylz9.cloudfront.net/voopo-v1/images/shop/p1.jpg]
[d29u17ylf1ylz9.cloudfront.net/voopo-v1/images/shop/p2.jpg]
[d29u17ylf1ylz9.cloudfront.net/voopo-v1/images/shop/p3.jpg]
[d29u17ylf1ylz9.cloudfront.net/voopo-v1/images/shop/p4.jpg]
[d29u17ylf1ylz9.cloudfront.net/voopo-v1/images/blog-img/1.png]
[d29u17ylf1ylz9.cloudfront.net/voopo-v1/images/blog-img/2.png]
[d29u17ylf1ylz9.cloudfront.net/voopo-v1/images/blog-img/3.png]
[d29u17ylf1ylz9.cloudfront.net/voopo-v1/js/vendor/jquery-3.2.1.min.js]
[d29u17ylf1ylz9.cloudfront.net/voopo-v1/js/popper.min.js]
[d29u17ylf1ylz9.cloudfront.net/voopo-v1/js/bootstrap.min.js]
[d29u17ylf1ylz9.cloudfront.net/voopo-v1/js/plugins.js]
[d29u17ylf1ylz9.cloudfront.net/voopo-v1/index.html]
[d29u17ylf1ylz9.cloudfront.net/voopo-v1/js/active.js]
[d29u17ylf1ylz9.cloudfront.net/voopo-v1/images/banner/s2.png]
[d29u17ylf1ylz9.cloudfront.net/voopo-v1/images/icons/down2.png]
[d29u17ylf1ylz9.cloudfront.net/voopo-v1/images/icons/apple2.png]
[d29u17ylf1ylz9.cloudfront.net/voopo-v1/images/about/soft2.png]
[d29u17ylf1ylz9.cloudfront.net/voopo-v1/images/about/shape.png]
[d29u17ylf1ylz9.cloudfront.net/voopo-v1/images/logo/v2.png]
[d29u17ylf1ylz9.cloudfront.net/voopo-v1/index-2.html]
[d29u17ylf1ylz9.cloudfront.net/voopo-v1/images/about/about.png]
[d29u17ylf1ylz9.cloudfront.net/voopo-v1/about.html]
[d29u17ylf1ylz9.cloudfront.net/voopo-v1/images/about/ser1.jpg]
[d29u17ylf1ylz9.cloudfront.net/voopo-v1/images/clint/1.png]
[d29u17ylf1ylz9.cloudfront.net/voopo-v1/images/clint/2.png]
[d29u17ylf1ylz9.cloudfront.net/voopo-v1/images/clint/3.png]
[d29u17ylf1ylz9.cloudfront.net/voopo-v1/service.html]
[d29u17ylf1ylz9.cloudfront.net/voopo-v1/images/blog/bn1.png]
[d29u17ylf1ylz9.cloudfront.net/voopo-v1/images/blog/bn2.png]
[d29u17ylf1ylz9.cloudfront.net/voopo-v1/images/blog/bn3.png]
[d29u17ylf1ylz9.cloudfront.net/voopo-v1/images/blog/md1.png]
[d29u17ylf1ylz9.cloudfront.net/voopo-v1/images/blog/md2.png]
[d29u17ylf1ylz9.cloudfront.net/voopo-v1/images/blog/md3.png]
[d29u17ylf1ylz9.cloudfront.net/voopo-v1/images/blog/md4.png]
[d29u17ylf1ylz9.cloudfront.net/voopo-v1/images/blog/s1.jpg]
[d29u17ylf1ylz9.cloudfront.net/voopo-v1/images/blog/s2.jpg]
[d29u17ylf1ylz9.cloudfront.net/voopo-v1/images/blog/s3.jpg]
[d29u17ylf1ylz9.cloudfront.net/voopo-v1/images/blog/s4.jpg]
[d29u17ylf1ylz9.cloudfront.net/voopo-v1/images/blog/banner.png]
[d29u17ylf1ylz9.cloudfront.net/voopo-v1/blog.html]
[d29u17ylf1ylz9.cloudfront.net/voopo-v1/images/blog/big-img.png]
[d29u17ylf1ylz9.cloudfront.net/voopo-v1/images/blog/author.png]
[d29u17ylf1ylz9.cloudfront.net/voopo-v1/images/blog/list1.png]
[d29u17ylf1ylz9.cloudfront.net/voopo-v1/images/blog/list2.png]
[d29u17ylf1ylz9.cloudfront.net/voopo-v1/blog-details.html]
[d29u17ylf1ylz9.cloudfront.net/voopo-v1/cart.html]
[d29u17ylf1ylz9.cloudfront.net/voopo-v1/checkout.html]
[d29u17ylf1ylz9.cloudfront.net/voopo-v1/images/about/contact.png]
[d29u17ylf1ylz9.cloudfront.net/voopo-v1/contact.html]
[d29u17ylf1ylz9.cloudfront.net/p2/fonts/glyphicons-halflings-regular.eot]
[d29u17ylf1ylz9.cloudfront.net/p2/fonts/glyphicons-halflings-regulard41d.eot]
[d29u17ylf1ylz9.cloudfront.net/p2/fonts/glyphicons-halflings-regular.woff2]
[d29u17ylf1ylz9.cloudfront.net/p2/fonts/glyphicons-halflings-regular.woff]
[d29u17ylf1ylz9.cloudfront.net/p2/fonts/glyphicons-halflings-regular.ttf]
[d29u17ylf1ylz9.cloudfront.net/p2/fonts/glyphicons-halflings-regular.svg]
[d29u17ylf1ylz9.cloudfront.net/p2/fonts/fontawesome-webfont3e6e.svg]
[d29u17ylf1ylz9.cloudfront.net/p2/fonts/et-line.svg]
[d29u17ylf1ylz9.cloudfront.net/voopo-v1/css/bootstrap.min.css]
[d29u17ylf1ylz9.cloudfront.net/voopo-v1/css/plugins/font-awesome.min.css]
[d29u17ylf1ylz9.cloudfront.net/voopo-v1/css/plugins/slick.min.css]
[d29u17ylf1ylz9.cloudfront.net/voopo-v1/css/plugins/material-design-iconic-font.min.css]
[d29u17ylf1ylz9.cloudfront.net/voopo-v1/css/plugins.css]
[d29u17ylf1ylz9.cloudfront.net/voopo-v1/css/plugins/mainmenu.css]
[d29u17ylf1ylz9.cloudfront.net/voopo-v1/images/bg/1.jpg]
[d29u17ylf1ylz9.cloudfront.net/voopo-v1/images/bg/2.jpg]
[d29u17ylf1ylz9.cloudfront.net/voopo-v1/images/bg/3.jpg]
[d29u17ylf1ylz9.cloudfront.net/voopo-v1/images/bg/4.jpg]
[d29u17ylf1ylz9.cloudfront.net/voopo-v1/images/bg/5.jpg]
[d29u17ylf1ylz9.cloudfront.net/voopo-v1/images/bg/6.jpg]
[d29u17ylf1ylz9.cloudfront.net/voopo-v1/images/bg/7.jpg]
[d29u17ylf1ylz9.cloudfront.net/voopo-v1/images/bg/8.jpg]
[d29u17ylf1ylz9.cloudfront.net/voopo-v1/images/icons/bg.png]
[d29u17ylf1ylz9.cloudfront.net/voopo-v1/images/icons/v1.png]
[d29u17ylf1ylz9.cloudfront.net/voopo-v1/images/blog/quote.png]
[d29u17ylf1ylz9.cloudfront.net/voopo-v1/style.css]
[d29u17ylf1ylz9.cloudfront.net/voopo-v1/css/custom.css]
[d29u17ylf1ylz9.cloudfront.net/voopo-v1/chechout.html]
[d29u17ylf1ylz9.cloudfront.net/voopo-v1/fonts/fontawesome-webfont3e6e.eot]
[d29u17ylf1ylz9.cloudfront.net/voopo-v1/fonts/fontawesome-webfontd41d.eot]
[d29u17ylf1ylz9.cloudfront.net/voopo-v1/fonts/fontawesome-webfont3e6e.woff2]
[d29u17ylf1ylz9.cloudfront.net/voopo-v1/fonts/fontawesome-webfont3e6e.woff]
[d29u17ylf1ylz9.cloudfront.net/voopo-v1/fonts/fontawesome-webfont3e6e.svg]
[d29u17ylf1ylz9.cloudfront.net/voopo-v1/css/plugins/font-awesome.min.css]
[d29u17ylf1ylz9.cloudfront.net/voopo-v1/fonts/fontawesome-webfont3e6e.ttf]
[d29u17ylf1ylz9.cloudfront.net/voopo-v1/images/ajax-loader.gif]
[d29u17ylf1ylz9.cloudfront.net/voopo-v1/fonts/slick.eot]
[d29u17ylf1ylz9.cloudfront.net/voopo-v1/fonts/slickd41d.eot]
[d29u17ylf1ylz9.cloudfront.net/voopo-v1/fonts/slick.woff]
[d29u17ylf1ylz9.cloudfront.net/voopo-v1/fonts/slick.ttf]
[d29u17ylf1ylz9.cloudfront.net/voopo-v1/fonts/slick.svg]
[d29u17ylf1ylz9.cloudfront.net/voopo-v1/css/plugins/slick.min.css]
[d29u17ylf1ylz9.cloudfront.net/voopo-v1/fonts/Material-Design-Iconic-Fontd1f1.woff2]
[d29u17ylf1ylz9.cloudfront.net/voopo-v1/fonts/Material-Design-Iconic-Fontd1f1.woff]
[d29u17ylf1ylz9.cloudfront.net/voopo-v1/css/plugins/material-design-iconic-font.min.css]
[d29u17ylf1ylz9.cloudfront.net/voopo-v1/css/plugins/mainmenu.css]
[d29u17ylf1ylz9.cloudfront.net/voopo-v1/images/bg/9.jpg]
[d29u17ylf1ylz9.cloudfront.net/voopo-v1/images/bg/10.jpg]
[d29u17ylf1ylz9.cloudfront.net/voopo-v1/images/bg/11.jpg]
[d29u17ylf1ylz9.cloudfront.net/voopo-v1/images/bg/12.jpg]
[d29u17ylf1ylz9.cloudfront.net/voopo-v1/images/bg/13.jpg]
[d29u17ylf1ylz9.cloudfront.net/voopo-v1/images/bg/14.jpg]
[d29u17ylf1ylz9.cloudfront.net/voopo-v1/images/bg/15.jpg]
[d29u17ylf1ylz9.cloudfront.net/voopo-v1/images/bg/16.jpg]
[d29u17ylf1ylz9.cloudfront.net/voopo-v1/images/bg/17.jpg]
[d29u17ylf1ylz9.cloudfront.net/voopo-v1/images/bg/18.jpg]
[d29u17ylf1ylz9.cloudfront.net/voopo-v1/images/bg/19.jpg]
[d29u17ylf1ylz9.cloudfront.net/voopo-v1/images/bg/20.jpg]
[d29u17ylf1ylz9.cloudfront.net/voopo-v1/images/icons/select-arrow-down-2.png]
[d29u17ylf1ylz9.cloudfront.net/voopo-v1/fonts/Material-Design-Iconic-Fontd1f1.ttf]
